
Memory Configuration

Name             Origin             Length             Attributes
vexriscv_debug   0x00000000f00f0000 0x0000000000000100
dff              0x0000000000000000 0x0000000000000400
dff2             0x0000000000000400 0x0000000000000200
flash            0x0000000010000000 0x0000000001000000
mprj             0x0000000030000000 0x0000000000100000
mprjram          0x0000000038000000 0x0000000000400000
hk               0x0000000026000000 0x0000000000100000
csr              0x00000000f0000000 0x0000000000010000
*default*        0x0000000000000000 0xffffffffffffffff

Linker script and memory map

                0x0000000000000000                __DYNAMIC = 0x0

.text           0x0000000010000000      0x1f0
                0x0000000010000000                _ftext = .
 *crt0*(.text)
 .text          0x0000000010000000      0x144 counter_la_fir.elf-crt0_vex.o
                0x0000000010000000                _start
                0x0000000010000020                trap_entry
 *crt0*(.text)
 *(.text.isr)
                0x0000000010000144                _etext = .
 .text          0x0000000010000144       0x28 counter_la_fir.elf-isr.o
                0x0000000010000144                isr
 .text          0x000000001000016c        0x0 counter_la_fir.elf-fir_control.o
 .text          0x000000001000016c       0x84 counter_la_fir.elf-counter_la_fir.o
                0x000000001000016c                putchar
                0x00000000100001a8                print

.text.startup   0x00000000100001f0      0x3e0
 .text.startup  0x00000000100001f0      0x3e0 counter_la_fir.elf-counter_la_fir.o
                0x00000000100001f0                main

.rela.dyn       0x00000000100005d0        0x0
 .rela.text     0x00000000100005d0        0x0 counter_la_fir.elf-crt0_vex.o

.rodata         0x00000000100005d0        0x0
                0x00000000100005d0                . = ALIGN (0x8)
 *fill*         0x00000000100005d0        0x0 
                0x00000000100005d0                _frodata = .
 *(.rodata .rodata.* .gnu.linkonce.r.*)
 *(.rodata1)
                0x00000000100005d0                . = ALIGN (0x8)
                0x00000000100005d0                _erodata = .

.data           0x0000000000000000        0x0 load address 0x00000000100005d0
                0x0000000000000000                . = ALIGN (0x8)
                0x0000000000000000                _fdata = .
 *(.data .data.* .gnu.linkonce.d.*)
 .data          0x0000000000000000        0x0 counter_la_fir.elf-crt0_vex.o
 .data          0x0000000000000000        0x0 counter_la_fir.elf-isr.o
 .data          0x0000000000000000        0x0 counter_la_fir.elf-fir_control.o
 .data          0x0000000000000000        0x0 counter_la_fir.elf-counter_la_fir.o
 *(.data1)
                0x0000000000000000                _gp = ALIGN (0x10)
 *(.sdata .sdata.* .gnu.linkonce.s.*)
                0x0000000000000000                . = ALIGN (0x8)
                0x0000000000000000                _edata = .

.bss            0x0000000000000000      0x108 load address 0x00000000100005d0
                0x0000000000000000                . = ALIGN (0x8)
                0x0000000000000000                _fbss = .
 *(.dynsbss)
 *(.sbss .sbss.* .gnu.linkonce.sb.*)
 .sbss          0x0000000000000000        0x2 counter_la_fir.elf-isr.o
                0x0000000000000000                flag
 *(.scommon)
 *(.dynbss)
 *(.bss .bss.* .gnu.linkonce.b.*)
 .bss           0x0000000000000002        0x0 counter_la_fir.elf-crt0_vex.o
 .bss           0x0000000000000002        0x0 counter_la_fir.elf-isr.o
 *fill*         0x0000000000000002        0x2 
 .bss           0x0000000000000004      0x100 counter_la_fir.elf-fir_control.o
                0x0000000000000004                outputsignal
 .bss           0x0000000000000104        0x0 counter_la_fir.elf-counter_la_fir.o
 *(COMMON)
                0x0000000000000108                . = ALIGN (0x8)
 *fill*         0x0000000000000104        0x4 
                0x0000000000000108                _ebss = .
                0x0000000000000108                _end = .

.mprjram        0x0000000038000000      0x128 load address 0x00000000100005d0
                0x0000000038000000                . = ALIGN (0x8)
                0x0000000038000000                _fsram = .
 *libgcc.a:*(.text .text.*)
 .mprjram       0x0000000038000000      0x128 counter_la_fir.elf-fir_control.o
                0x0000000038000000                initfir
                0x000000003800005c                fir
                0x0000000000000600                PROVIDE (_fstack = (ORIGIN (dff2) + LENGTH (dff2)))
                0x00000000100005d0                PROVIDE (_fdata_rom = LOADADDR (.data))
                [!provide]                        PROVIDE (_edata_rom = (LOADADDR (.data) + SIZEOF (.data)))
                0x0000000038000128                PROVIDE (_esram = (ORIGIN (mprjram) + SIZEOF (.mprjram)))
                0x00000000100005d0                PROVIDE (_esram_rom = LOADADDR (.mprjram))
LOAD counter_la_fir.elf-crt0_vex.o
LOAD counter_la_fir.elf-isr.o
LOAD counter_la_fir.elf-fir_control.o
LOAD counter_la_fir.elf-counter_la_fir.o
LOAD /opt/riscv/lib/gcc/riscv32-unknown-elf/12.1.0/libgcc.a
START GROUP
LOAD /opt/riscv/lib/gcc/riscv32-unknown-elf/12.1.0/../../../../riscv32-unknown-elf/lib/libc.a
LOAD /opt/riscv/lib/gcc/riscv32-unknown-elf/12.1.0/../../../../riscv32-unknown-elf/lib/libgloss.a
END GROUP
LOAD /opt/riscv/lib/gcc/riscv32-unknown-elf/12.1.0/libgcc.a
OUTPUT(counter_la_fir.elf elf32-littleriscv)

.riscv.attributes
                0x0000000000000000       0x20
 .riscv.attributes
                0x0000000000000000       0x1e counter_la_fir.elf-crt0_vex.o
 .riscv.attributes
                0x000000000000001e       0x20 counter_la_fir.elf-isr.o
 .riscv.attributes
                0x000000000000003e       0x1c counter_la_fir.elf-fir_control.o
 .riscv.attributes
                0x000000000000005a       0x1c counter_la_fir.elf-counter_la_fir.o

.comment        0x0000000000000000       0x1b
 .comment       0x0000000000000000       0x1b counter_la_fir.elf-isr.o
                                         0x1c (size before relaxing)
 .comment       0x000000000000001b       0x1c counter_la_fir.elf-fir_control.o
 .comment       0x000000000000001b       0x1c counter_la_fir.elf-counter_la_fir.o

.debug_line     0x0000000000000000     0x14c5
 .debug_line    0x0000000000000000      0x204 counter_la_fir.elf-crt0_vex.o
 .debug_line    0x0000000000000204       0xb3 counter_la_fir.elf-isr.o
 .debug_line    0x00000000000002b7      0x508 counter_la_fir.elf-fir_control.o
 .debug_line    0x00000000000007bf      0xd06 counter_la_fir.elf-counter_la_fir.o

.debug_line_str
                0x0000000000000000      0x10a
 .debug_line_str
                0x0000000000000000       0x82 counter_la_fir.elf-crt0_vex.o
 .debug_line_str
                0x0000000000000082       0x62 counter_la_fir.elf-isr.o
                                        0x14d (size before relaxing)
 .debug_line_str
                0x00000000000000e4        0xe counter_la_fir.elf-fir_control.o
                                        0x13d (size before relaxing)
 .debug_line_str
                0x00000000000000f2       0x18 counter_la_fir.elf-counter_la_fir.o
                                        0x15c (size before relaxing)

.debug_info     0x0000000000000000      0x3f5
 .debug_info    0x0000000000000000       0x25 counter_la_fir.elf-crt0_vex.o
 .debug_info    0x0000000000000025       0xdc counter_la_fir.elf-isr.o
 .debug_info    0x0000000000000101      0x163 counter_la_fir.elf-fir_control.o
 .debug_info    0x0000000000000264      0x191 counter_la_fir.elf-counter_la_fir.o

.debug_abbrev   0x0000000000000000      0x317
 .debug_abbrev  0x0000000000000000       0x14 counter_la_fir.elf-crt0_vex.o
 .debug_abbrev  0x0000000000000014       0xa2 counter_la_fir.elf-isr.o
 .debug_abbrev  0x00000000000000b6      0x105 counter_la_fir.elf-fir_control.o
 .debug_abbrev  0x00000000000001bb      0x15c counter_la_fir.elf-counter_la_fir.o

.debug_aranges  0x0000000000000000       0x90
 .debug_aranges
                0x0000000000000000       0x20 counter_la_fir.elf-crt0_vex.o
 .debug_aranges
                0x0000000000000020       0x20 counter_la_fir.elf-isr.o
 .debug_aranges
                0x0000000000000040       0x28 counter_la_fir.elf-fir_control.o
 .debug_aranges
                0x0000000000000068       0x28 counter_la_fir.elf-counter_la_fir.o

.debug_str      0x0000000000000000      0x18e
 .debug_str     0x0000000000000000       0x8e counter_la_fir.elf-crt0_vex.o
 .debug_str     0x000000000000008e       0xce counter_la_fir.elf-isr.o
                                        0x107 (size before relaxing)
 .debug_str     0x000000000000015c       0x1f counter_la_fir.elf-fir_control.o
                                        0x10f (size before relaxing)
 .debug_str     0x000000000000017b       0x13 counter_la_fir.elf-counter_la_fir.o
                                        0x100 (size before relaxing)

.debug_loclists
                0x0000000000000000      0x1d9
 .debug_loclists
                0x0000000000000000       0x19 counter_la_fir.elf-isr.o
 .debug_loclists
                0x0000000000000019      0x16d counter_la_fir.elf-fir_control.o
 .debug_loclists
                0x0000000000000186       0x53 counter_la_fir.elf-counter_la_fir.o

.debug_frame    0x0000000000000000       0xa4
 .debug_frame   0x0000000000000000       0x20 counter_la_fir.elf-isr.o
 .debug_frame   0x0000000000000020       0x30 counter_la_fir.elf-fir_control.o
 .debug_frame   0x0000000000000050       0x54 counter_la_fir.elf-counter_la_fir.o

.debug_rnglists
                0x0000000000000000       0x6d
 .debug_rnglists
                0x0000000000000000       0x1f counter_la_fir.elf-fir_control.o
 .debug_rnglists
                0x000000000000001f       0x4e counter_la_fir.elf-counter_la_fir.o
